libtool: compile:  gcc -I. -I/home/frost/projects/zephir/projects/hyph/ext -DPHP_ATOM_INC -I/home/frost/projects/zephir/projects/hyph/ext/include -I/home/frost/projects/zephir/projects/hyph/ext/main -I/home/frost/projects/zephir/projects/hyph/ext -I/usr/include/php/20151012 -I/usr/include/php/20151012/main -I/usr/include/php/20151012/TSRM -I/usr/include/php/20151012/Zend -I/usr/include/php/20151012/ext -I/usr/include/php/20151012/ext/date/lib -DHAVE_CONFIG_H -O2 -fvisibility=hidden -Wparentheses -flto -DZEPHIR_RELEASE=1 -c /home/frost/projects/zephir/projects/hyph/ext/hyph.c  -fPIC -DPIC -o .libs/hyph.o
libtool: compile:  gcc -I. -I/home/frost/projects/zephir/projects/hyph/ext -DPHP_ATOM_INC -I/home/frost/projects/zephir/projects/hyph/ext/include -I/home/frost/projects/zephir/projects/hyph/ext/main -I/home/frost/projects/zephir/projects/hyph/ext -I/usr/include/php/20151012 -I/usr/include/php/20151012/main -I/usr/include/php/20151012/TSRM -I/usr/include/php/20151012/Zend -I/usr/include/php/20151012/ext -I/usr/include/php/20151012/ext/date/lib -DHAVE_CONFIG_H -O2 -fvisibility=hidden -Wparentheses -flto -DZEPHIR_RELEASE=1 -c /home/frost/projects/zephir/projects/hyph/ext/kernel/main.c  -fPIC -DPIC -o kernel/.libs/main.o
libtool: compile:  gcc -I. -I/home/frost/projects/zephir/projects/hyph/ext -DPHP_ATOM_INC -I/home/frost/projects/zephir/projects/hyph/ext/include -I/home/frost/projects/zephir/projects/hyph/ext/main -I/home/frost/projects/zephir/projects/hyph/ext -I/usr/include/php/20151012 -I/usr/include/php/20151012/main -I/usr/include/php/20151012/TSRM -I/usr/include/php/20151012/Zend -I/usr/include/php/20151012/ext -I/usr/include/php/20151012/ext/date/lib -DHAVE_CONFIG_H -O2 -fvisibility=hidden -Wparentheses -flto -DZEPHIR_RELEASE=1 -c /home/frost/projects/zephir/projects/hyph/ext/kernel/memory.c  -fPIC -DPIC -o kernel/.libs/memory.o
libtool: compile:  gcc -I. -I/home/frost/projects/zephir/projects/hyph/ext -DPHP_ATOM_INC -I/home/frost/projects/zephir/projects/hyph/ext/include -I/home/frost/projects/zephir/projects/hyph/ext/main -I/home/frost/projects/zephir/projects/hyph/ext -I/usr/include/php/20151012 -I/usr/include/php/20151012/main -I/usr/include/php/20151012/TSRM -I/usr/include/php/20151012/Zend -I/usr/include/php/20151012/ext -I/usr/include/php/20151012/ext/date/lib -DHAVE_CONFIG_H -O2 -fvisibility=hidden -Wparentheses -flto -DZEPHIR_RELEASE=1 -c /home/frost/projects/zephir/projects/hyph/ext/kernel/exception.c  -fPIC -DPIC -o kernel/.libs/exception.o
libtool: compile:  gcc -I. -I/home/frost/projects/zephir/projects/hyph/ext -DPHP_ATOM_INC -I/home/frost/projects/zephir/projects/hyph/ext/include -I/home/frost/projects/zephir/projects/hyph/ext/main -I/home/frost/projects/zephir/projects/hyph/ext -I/usr/include/php/20151012 -I/usr/include/php/20151012/main -I/usr/include/php/20151012/TSRM -I/usr/include/php/20151012/Zend -I/usr/include/php/20151012/ext -I/usr/include/php/20151012/ext/date/lib -DHAVE_CONFIG_H -O2 -fvisibility=hidden -Wparentheses -flto -DZEPHIR_RELEASE=1 -c /home/frost/projects/zephir/projects/hyph/ext/kernel/hash.c  -fPIC -DPIC -o kernel/.libs/hash.o
libtool: compile:  gcc -I. -I/home/frost/projects/zephir/projects/hyph/ext -DPHP_ATOM_INC -I/home/frost/projects/zephir/projects/hyph/ext/include -I/home/frost/projects/zephir/projects/hyph/ext/main -I/home/frost/projects/zephir/projects/hyph/ext -I/usr/include/php/20151012 -I/usr/include/php/20151012/main -I/usr/include/php/20151012/TSRM -I/usr/include/php/20151012/Zend -I/usr/include/php/20151012/ext -I/usr/include/php/20151012/ext/date/lib -DHAVE_CONFIG_H -O2 -fvisibility=hidden -Wparentheses -flto -DZEPHIR_RELEASE=1 -c /home/frost/projects/zephir/projects/hyph/ext/kernel/debug.c  -fPIC -DPIC -o kernel/.libs/debug.o
libtool: compile:  gcc -I. -I/home/frost/projects/zephir/projects/hyph/ext -DPHP_ATOM_INC -I/home/frost/projects/zephir/projects/hyph/ext/include -I/home/frost/projects/zephir/projects/hyph/ext/main -I/home/frost/projects/zephir/projects/hyph/ext -I/usr/include/php/20151012 -I/usr/include/php/20151012/main -I/usr/include/php/20151012/TSRM -I/usr/include/php/20151012/Zend -I/usr/include/php/20151012/ext -I/usr/include/php/20151012/ext/date/lib -DHAVE_CONFIG_H -O2 -fvisibility=hidden -Wparentheses -flto -DZEPHIR_RELEASE=1 -c /home/frost/projects/zephir/projects/hyph/ext/kernel/backtrace.c  -fPIC -DPIC -o kernel/.libs/backtrace.o
libtool: compile:  gcc -I. -I/home/frost/projects/zephir/projects/hyph/ext -DPHP_ATOM_INC -I/home/frost/projects/zephir/projects/hyph/ext/include -I/home/frost/projects/zephir/projects/hyph/ext/main -I/home/frost/projects/zephir/projects/hyph/ext -I/usr/include/php/20151012 -I/usr/include/php/20151012/main -I/usr/include/php/20151012/TSRM -I/usr/include/php/20151012/Zend -I/usr/include/php/20151012/ext -I/usr/include/php/20151012/ext/date/lib -DHAVE_CONFIG_H -O2 -fvisibility=hidden -Wparentheses -flto -DZEPHIR_RELEASE=1 -c /home/frost/projects/zephir/projects/hyph/ext/kernel/object.c  -fPIC -DPIC -o kernel/.libs/object.o
libtool: compile:  gcc -I. -I/home/frost/projects/zephir/projects/hyph/ext -DPHP_ATOM_INC -I/home/frost/projects/zephir/projects/hyph/ext/include -I/home/frost/projects/zephir/projects/hyph/ext/main -I/home/frost/projects/zephir/projects/hyph/ext -I/usr/include/php/20151012 -I/usr/include/php/20151012/main -I/usr/include/php/20151012/TSRM -I/usr/include/php/20151012/Zend -I/usr/include/php/20151012/ext -I/usr/include/php/20151012/ext/date/lib -DHAVE_CONFIG_H -O2 -fvisibility=hidden -Wparentheses -flto -DZEPHIR_RELEASE=1 -c /home/frost/projects/zephir/projects/hyph/ext/kernel/array.c  -fPIC -DPIC -o kernel/.libs/array.o
libtool: compile:  gcc -I. -I/home/frost/projects/zephir/projects/hyph/ext -DPHP_ATOM_INC -I/home/frost/projects/zephir/projects/hyph/ext/include -I/home/frost/projects/zephir/projects/hyph/ext/main -I/home/frost/projects/zephir/projects/hyph/ext -I/usr/include/php/20151012 -I/usr/include/php/20151012/main -I/usr/include/php/20151012/TSRM -I/usr/include/php/20151012/Zend -I/usr/include/php/20151012/ext -I/usr/include/php/20151012/ext/date/lib -DHAVE_CONFIG_H -O2 -fvisibility=hidden -Wparentheses -flto -DZEPHIR_RELEASE=1 -c /home/frost/projects/zephir/projects/hyph/ext/kernel/string.c  -fPIC -DPIC -o kernel/.libs/string.o
libtool: compile:  gcc -I. -I/home/frost/projects/zephir/projects/hyph/ext -DPHP_ATOM_INC -I/home/frost/projects/zephir/projects/hyph/ext/include -I/home/frost/projects/zephir/projects/hyph/ext/main -I/home/frost/projects/zephir/projects/hyph/ext -I/usr/include/php/20151012 -I/usr/include/php/20151012/main -I/usr/include/php/20151012/TSRM -I/usr/include/php/20151012/Zend -I/usr/include/php/20151012/ext -I/usr/include/php/20151012/ext/date/lib -DHAVE_CONFIG_H -O2 -fvisibility=hidden -Wparentheses -flto -DZEPHIR_RELEASE=1 -c /home/frost/projects/zephir/projects/hyph/ext/kernel/extended/array.c  -fPIC -DPIC -o kernel/extended/.libs/array.o
libtool: compile:  gcc -I. -I/home/frost/projects/zephir/projects/hyph/ext -DPHP_ATOM_INC -I/home/frost/projects/zephir/projects/hyph/ext/include -I/home/frost/projects/zephir/projects/hyph/ext/main -I/home/frost/projects/zephir/projects/hyph/ext -I/usr/include/php/20151012 -I/usr/include/php/20151012/main -I/usr/include/php/20151012/TSRM -I/usr/include/php/20151012/Zend -I/usr/include/php/20151012/ext -I/usr/include/php/20151012/ext/date/lib -DHAVE_CONFIG_H -O2 -fvisibility=hidden -Wparentheses -flto -DZEPHIR_RELEASE=1 -c /home/frost/projects/zephir/projects/hyph/ext/kernel/fcall.c  -fPIC -DPIC -o kernel/.libs/fcall.o
libtool: compile:  gcc -I. -I/home/frost/projects/zephir/projects/hyph/ext -DPHP_ATOM_INC -I/home/frost/projects/zephir/projects/hyph/ext/include -I/home/frost/projects/zephir/projects/hyph/ext/main -I/home/frost/projects/zephir/projects/hyph/ext -I/usr/include/php/20151012 -I/usr/include/php/20151012/main -I/usr/include/php/20151012/TSRM -I/usr/include/php/20151012/Zend -I/usr/include/php/20151012/ext -I/usr/include/php/20151012/ext/date/lib -DHAVE_CONFIG_H -O2 -fvisibility=hidden -Wparentheses -flto -DZEPHIR_RELEASE=1 -c /home/frost/projects/zephir/projects/hyph/ext/kernel/extended/fcall.c  -fPIC -DPIC -o kernel/extended/.libs/fcall.o
libtool: compile:  gcc -I. -I/home/frost/projects/zephir/projects/hyph/ext -DPHP_ATOM_INC -I/home/frost/projects/zephir/projects/hyph/ext/include -I/home/frost/projects/zephir/projects/hyph/ext/main -I/home/frost/projects/zephir/projects/hyph/ext -I/usr/include/php/20151012 -I/usr/include/php/20151012/main -I/usr/include/php/20151012/TSRM -I/usr/include/php/20151012/Zend -I/usr/include/php/20151012/ext -I/usr/include/php/20151012/ext/date/lib -DHAVE_CONFIG_H -O2 -fvisibility=hidden -Wparentheses -flto -DZEPHIR_RELEASE=1 -c /home/frost/projects/zephir/projects/hyph/ext/kernel/require.c  -fPIC -DPIC -o kernel/.libs/require.o
libtool: compile:  gcc -I. -I/home/frost/projects/zephir/projects/hyph/ext -DPHP_ATOM_INC -I/home/frost/projects/zephir/projects/hyph/ext/include -I/home/frost/projects/zephir/projects/hyph/ext/main -I/home/frost/projects/zephir/projects/hyph/ext -I/usr/include/php/20151012 -I/usr/include/php/20151012/main -I/usr/include/php/20151012/TSRM -I/usr/include/php/20151012/Zend -I/usr/include/php/20151012/ext -I/usr/include/php/20151012/ext/date/lib -DHAVE_CONFIG_H -O2 -fvisibility=hidden -Wparentheses -flto -DZEPHIR_RELEASE=1 -c /home/frost/projects/zephir/projects/hyph/ext/kernel/file.c  -fPIC -DPIC -o kernel/.libs/file.o
libtool: compile:  gcc -I. -I/home/frost/projects/zephir/projects/hyph/ext -DPHP_ATOM_INC -I/home/frost/projects/zephir/projects/hyph/ext/include -I/home/frost/projects/zephir/projects/hyph/ext/main -I/home/frost/projects/zephir/projects/hyph/ext -I/usr/include/php/20151012 -I/usr/include/php/20151012/main -I/usr/include/php/20151012/TSRM -I/usr/include/php/20151012/Zend -I/usr/include/php/20151012/ext -I/usr/include/php/20151012/ext/date/lib -DHAVE_CONFIG_H -O2 -fvisibility=hidden -Wparentheses -flto -DZEPHIR_RELEASE=1 -c /home/frost/projects/zephir/projects/hyph/ext/kernel/operators.c  -fPIC -DPIC -o kernel/.libs/operators.o
libtool: compile:  gcc -I. -I/home/frost/projects/zephir/projects/hyph/ext -DPHP_ATOM_INC -I/home/frost/projects/zephir/projects/hyph/ext/include -I/home/frost/projects/zephir/projects/hyph/ext/main -I/home/frost/projects/zephir/projects/hyph/ext -I/usr/include/php/20151012 -I/usr/include/php/20151012/main -I/usr/include/php/20151012/TSRM -I/usr/include/php/20151012/Zend -I/usr/include/php/20151012/ext -I/usr/include/php/20151012/ext/date/lib -DHAVE_CONFIG_H -O2 -fvisibility=hidden -Wparentheses -flto -DZEPHIR_RELEASE=1 -c /home/frost/projects/zephir/projects/hyph/ext/kernel/math.c  -fPIC -DPIC -o kernel/.libs/math.o
libtool: compile:  gcc -I. -I/home/frost/projects/zephir/projects/hyph/ext -DPHP_ATOM_INC -I/home/frost/projects/zephir/projects/hyph/ext/include -I/home/frost/projects/zephir/projects/hyph/ext/main -I/home/frost/projects/zephir/projects/hyph/ext -I/usr/include/php/20151012 -I/usr/include/php/20151012/main -I/usr/include/php/20151012/TSRM -I/usr/include/php/20151012/Zend -I/usr/include/php/20151012/ext -I/usr/include/php/20151012/ext/date/lib -DHAVE_CONFIG_H -O2 -fvisibility=hidden -Wparentheses -flto -DZEPHIR_RELEASE=1 -c /home/frost/projects/zephir/projects/hyph/ext/kernel/concat.c  -fPIC -DPIC -o kernel/.libs/concat.o
libtool: compile:  gcc -I. -I/home/frost/projects/zephir/projects/hyph/ext -DPHP_ATOM_INC -I/home/frost/projects/zephir/projects/hyph/ext/include -I/home/frost/projects/zephir/projects/hyph/ext/main -I/home/frost/projects/zephir/projects/hyph/ext -I/usr/include/php/20151012 -I/usr/include/php/20151012/main -I/usr/include/php/20151012/TSRM -I/usr/include/php/20151012/Zend -I/usr/include/php/20151012/ext -I/usr/include/php/20151012/ext/date/lib -DHAVE_CONFIG_H -O2 -fvisibility=hidden -Wparentheses -flto -DZEPHIR_RELEASE=1 -c /home/frost/projects/zephir/projects/hyph/ext/kernel/variables.c  -fPIC -DPIC -o kernel/.libs/variables.o
libtool: compile:  gcc -I. -I/home/frost/projects/zephir/projects/hyph/ext -DPHP_ATOM_INC -I/home/frost/projects/zephir/projects/hyph/ext/include -I/home/frost/projects/zephir/projects/hyph/ext/main -I/home/frost/projects/zephir/projects/hyph/ext -I/usr/include/php/20151012 -I/usr/include/php/20151012/main -I/usr/include/php/20151012/TSRM -I/usr/include/php/20151012/Zend -I/usr/include/php/20151012/ext -I/usr/include/php/20151012/ext/date/lib -DHAVE_CONFIG_H -O2 -fvisibility=hidden -Wparentheses -flto -DZEPHIR_RELEASE=1 -c /home/frost/projects/zephir/projects/hyph/ext/kernel/filter.c  -fPIC -DPIC -o kernel/.libs/filter.o
libtool: compile:  gcc -I. -I/home/frost/projects/zephir/projects/hyph/ext -DPHP_ATOM_INC -I/home/frost/projects/zephir/projects/hyph/ext/include -I/home/frost/projects/zephir/projects/hyph/ext/main -I/home/frost/projects/zephir/projects/hyph/ext -I/usr/include/php/20151012 -I/usr/include/php/20151012/main -I/usr/include/php/20151012/TSRM -I/usr/include/php/20151012/Zend -I/usr/include/php/20151012/ext -I/usr/include/php/20151012/ext/date/lib -DHAVE_CONFIG_H -O2 -fvisibility=hidden -Wparentheses -flto -DZEPHIR_RELEASE=1 -c /home/frost/projects/zephir/projects/hyph/ext/kernel/iterator.c  -fPIC -DPIC -o kernel/.libs/iterator.o
libtool: compile:  gcc -I. -I/home/frost/projects/zephir/projects/hyph/ext -DPHP_ATOM_INC -I/home/frost/projects/zephir/projects/hyph/ext/include -I/home/frost/projects/zephir/projects/hyph/ext/main -I/home/frost/projects/zephir/projects/hyph/ext -I/usr/include/php/20151012 -I/usr/include/php/20151012/main -I/usr/include/php/20151012/TSRM -I/usr/include/php/20151012/Zend -I/usr/include/php/20151012/ext -I/usr/include/php/20151012/ext/date/lib -DHAVE_CONFIG_H -O2 -fvisibility=hidden -Wparentheses -flto -DZEPHIR_RELEASE=1 -c /home/frost/projects/zephir/projects/hyph/ext/kernel/time.c  -fPIC -DPIC -o kernel/.libs/time.o
libtool: compile:  gcc -I. -I/home/frost/projects/zephir/projects/hyph/ext -DPHP_ATOM_INC -I/home/frost/projects/zephir/projects/hyph/ext/include -I/home/frost/projects/zephir/projects/hyph/ext/main -I/home/frost/projects/zephir/projects/hyph/ext -I/usr/include/php/20151012 -I/usr/include/php/20151012/main -I/usr/include/php/20151012/TSRM -I/usr/include/php/20151012/Zend -I/usr/include/php/20151012/ext -I/usr/include/php/20151012/ext/date/lib -DHAVE_CONFIG_H -O2 -fvisibility=hidden -Wparentheses -flto -DZEPHIR_RELEASE=1 -c /home/frost/projects/zephir/projects/hyph/ext/kernel/exit.c  -fPIC -DPIC -o kernel/.libs/exit.o
libtool: compile:  gcc -I. -I/home/frost/projects/zephir/projects/hyph/ext -DPHP_ATOM_INC -I/home/frost/projects/zephir/projects/hyph/ext/include -I/home/frost/projects/zephir/projects/hyph/ext/main -I/home/frost/projects/zephir/projects/hyph/ext -I/usr/include/php/20151012 -I/usr/include/php/20151012/main -I/usr/include/php/20151012/TSRM -I/usr/include/php/20151012/Zend -I/usr/include/php/20151012/ext -I/usr/include/php/20151012/ext/date/lib -DHAVE_CONFIG_H -O2 -fvisibility=hidden -Wparentheses -flto -DZEPHIR_RELEASE=1 -c /home/frost/projects/zephir/projects/hyph/ext/hyph/exception/containerexception.zep.c  -fPIC -DPIC -o hyph/exception/.libs/containerexception.o
libtool: compile:  gcc -I. -I/home/frost/projects/zephir/projects/hyph/ext -DPHP_ATOM_INC -I/home/frost/projects/zephir/projects/hyph/ext/include -I/home/frost/projects/zephir/projects/hyph/ext/main -I/home/frost/projects/zephir/projects/hyph/ext -I/usr/include/php/20151012 -I/usr/include/php/20151012/main -I/usr/include/php/20151012/TSRM -I/usr/include/php/20151012/Zend -I/usr/include/php/20151012/ext -I/usr/include/php/20151012/ext/date/lib -DHAVE_CONFIG_H -O2 -fvisibility=hidden -Wparentheses -flto -DZEPHIR_RELEASE=1 -c /home/frost/projects/zephir/projects/hyph/ext/hyph/container/container.zep.c  -fPIC -DPIC -o hyph/container/.libs/container.o
libtool: compile:  gcc -I. -I/home/frost/projects/zephir/projects/hyph/ext -DPHP_ATOM_INC -I/home/frost/projects/zephir/projects/hyph/ext/include -I/home/frost/projects/zephir/projects/hyph/ext/main -I/home/frost/projects/zephir/projects/hyph/ext -I/usr/include/php/20151012 -I/usr/include/php/20151012/main -I/usr/include/php/20151012/TSRM -I/usr/include/php/20151012/Zend -I/usr/include/php/20151012/ext -I/usr/include/php/20151012/ext/date/lib -DHAVE_CONFIG_H -O2 -fvisibility=hidden -Wparentheses -flto -DZEPHIR_RELEASE=1 -c /home/frost/projects/zephir/projects/hyph/ext/hyph/exception/permissiondeniedexception.zep.c  -fPIC -DPIC -o hyph/exception/.libs/permissiondeniedexception.o
libtool: compile:  gcc -I. -I/home/frost/projects/zephir/projects/hyph/ext -DPHP_ATOM_INC -I/home/frost/projects/zephir/projects/hyph/ext/include -I/home/frost/projects/zephir/projects/hyph/ext/main -I/home/frost/projects/zephir/projects/hyph/ext -I/usr/include/php/20151012 -I/usr/include/php/20151012/main -I/usr/include/php/20151012/TSRM -I/usr/include/php/20151012/Zend -I/usr/include/php/20151012/ext -I/usr/include/php/20151012/ext/date/lib -DHAVE_CONFIG_H -O2 -fvisibility=hidden -Wparentheses -flto -DZEPHIR_RELEASE=1 -c /home/frost/projects/zephir/projects/hyph/ext/hyph/exception/servicenotfoundexception.zep.c  -fPIC -DPIC -o hyph/exception/.libs/servicenotfoundexception.o
libtool: compile:  gcc -I. -I/home/frost/projects/zephir/projects/hyph/ext -DPHP_ATOM_INC -I/home/frost/projects/zephir/projects/hyph/ext/include -I/home/frost/projects/zephir/projects/hyph/ext/main -I/home/frost/projects/zephir/projects/hyph/ext -I/usr/include/php/20151012 -I/usr/include/php/20151012/main -I/usr/include/php/20151012/TSRM -I/usr/include/php/20151012/Zend -I/usr/include/php/20151012/ext -I/usr/include/php/20151012/ext/date/lib -DHAVE_CONFIG_H -O2 -fvisibility=hidden -Wparentheses -flto -DZEPHIR_RELEASE=1 -c /home/frost/projects/zephir/projects/hyph/ext/hyph/interface/serviceinterface.zep.c  -fPIC -DPIC -o hyph/interface/.libs/serviceinterface.o
libtool: compile:  gcc -I. -I/home/frost/projects/zephir/projects/hyph/ext -DPHP_ATOM_INC -I/home/frost/projects/zephir/projects/hyph/ext/include -I/home/frost/projects/zephir/projects/hyph/ext/main -I/home/frost/projects/zephir/projects/hyph/ext -I/usr/include/php/20151012 -I/usr/include/php/20151012/main -I/usr/include/php/20151012/TSRM -I/usr/include/php/20151012/Zend -I/usr/include/php/20151012/ext -I/usr/include/php/20151012/ext/date/lib -DHAVE_CONFIG_H -O2 -fvisibility=hidden -Wparentheses -flto -DZEPHIR_RELEASE=1 -c /home/frost/projects/zephir/projects/hyph/ext/hyph/log.zep.c  -fPIC -DPIC -o hyph/.libs/log.o
libtool: link: gcc -shared  -fPIC -DPIC  .libs/hyph.o kernel/.libs/main.o kernel/.libs/memory.o kernel/.libs/exception.o kernel/.libs/hash.o kernel/.libs/debug.o kernel/.libs/backtrace.o kernel/.libs/object.o kernel/.libs/array.o kernel/extended/.libs/array.o kernel/.libs/string.o kernel/.libs/fcall.o kernel/extended/.libs/fcall.o kernel/.libs/require.o kernel/.libs/file.o kernel/.libs/operators.o kernel/.libs/math.o kernel/.libs/concat.o kernel/.libs/variables.o kernel/.libs/filter.o kernel/.libs/iterator.o kernel/.libs/time.o kernel/.libs/exit.o hyph/exception/.libs/containerexception.o hyph/container/.libs/container.o hyph/exception/.libs/permissiondeniedexception.o hyph/exception/.libs/servicenotfoundexception.o hyph/interface/.libs/serviceinterface.o hyph/.libs/log.o    -O2 -flto   -Wl,-soname -Wl,hyph.so -o .libs/hyph.so
libtool: link: ( cd ".libs" && rm -f "hyph.la" && ln -s "../hyph.la" "hyph.la" )
libtool: install: cp ./.libs/hyph.so /home/frost/projects/zephir/projects/hyph/ext/modules/hyph.so
libtool: install: cp ./.libs/hyph.lai /home/frost/projects/zephir/projects/hyph/ext/modules/hyph.la
libtool: finish: PATH="/usr/local/bin:/usr/bin:/bin:/usr/local/games:/usr/games:/sbin" ldconfig -n /home/frost/projects/zephir/projects/hyph/ext/modules
----------------------------------------------------------------------
Libraries have been installed in:
   /home/frost/projects/zephir/projects/hyph/ext/modules

If you ever happen to want to link against installed libraries
in a given directory, LIBDIR, you must either use libtool, and
specify the full pathname of the library, or use the '-LLIBDIR'
flag during linking and do at least one of the following:
   - add LIBDIR to the 'LD_LIBRARY_PATH' environment variable
     during execution
   - add LIBDIR to the 'LD_RUN_PATH' environment variable
     during linking
   - use the '-Wl,-rpath -Wl,LIBDIR' linker flag
   - have your system administrator add LIBDIR to '/etc/ld.so.conf'

See any operating system documentation about shared libraries for
more information, such as the ld(1) and ld.so(8) manual pages.
----------------------------------------------------------------------

Build complete.
Don't forget to run 'make test'.

Installing shared extensions:     /usr/lib/php/20151012/
Installing header files:           /usr/include/php/20151012/
